Tring To Use MariaDB installed version 10.1.10 in XAMMP

the MaeiaDB in installed in the folder here:
[インストールしたフォルダー]/Applications/XAMPP/xamppfiles/bin/mysql

1)MariaDB log

Log:
Starting MySQL Database...
/Applications/XAMPP/xamppfiles/mysql/scripts/ctl.sh : mysql  started at port 3306

Last login: Wed May  3 09:53:19 on ttys000
ishiiryou-no-MacBook-Air:~ ishiiaya$ /Applications/XAMPP/xamppfiles/bin/mysql ; exit;
Welcome to the MariaDB monitor.  Commands end with ; or \g.
Your MariaDB connection id is 3
Server version: 10.1.10-MariaDB Source distribution

Copyright (c) 2000, 2015, Oracle, MariaDB Corporation Ab and others.

Type 'help;' or '\h' for help. Type '\c' to clear the current input statement.

MariaDB [(none)]> tables
    -> 
    -> tables;
ERROR 1064 (42000): You have an error in your SQL syntax; check the manual that corresponds to your MariaDB server version for the right syntax to use near 'tables

tables' at line 1
MariaDB [(none)]> show tables;
ERROR 1046 (3D000): No database selected
MariaDB [(none)]> show tables
    -> 
    -> ;
ERROR 1046 (3D000): No database selected
MariaDB [(none)]> databases
    -> ;
ERROR 1064 (42000): You have an error in your SQL syntax; check the manual that corresponds to your MariaDB server version for the right syntax to use near 'databases' at line 1
MariaDB [(none)]> databases;
ERROR 1064 (42000): You have an error in your SQL syntax; check the manual that corresponds to your MariaDB server version for the right syntax to use near 'databases' at line 1
MariaDB [(none)]> help

General information about MariaDB can be found at
http://mariadb.org

List of all MySQL commands:
Note that all text commands must be first on line and end with ';'
?         (\?) Synonym for `help'.
clear     (\c) Clear the current input statement.
connect   (\r) Reconnect to the server. Optional arguments are db and host.
delimiter (\d) Set statement delimiter.
edit      (\e) Edit command with $EDITOR.
ego       (\G) Send command to mysql server, display result vertically.
exit      (\q) Exit mysql. Same as quit.
go        (\g) Send command to mysql server.
help      (\h) Display this help.
nopager   (\n) Disable pager, print to stdout.
notee     (\t) Don't write into outfile.
pager     (\P) Set PAGER [to_pager]. Print the query results via PAGER.
print     (\p) Print current command.
prompt    (\R) Change your mysql prompt.
quit      (\q) Quit mysql.
rehash    (\#) Rebuild completion hash.
source    (\.) Execute an SQL script file. Takes a file name as an argument.
status    (\s) Get status information from the server.
system    (\!) Execute a system shell command.
tee       (\T) Set outfile [to_outfile]. Append everything into given outfile.
use       (\u) Use another database. Takes database name as argument.
charset   (\C) Switch to another charset. Might be needed for processing binlog with multi-byte charsets.
warnings  (\W) Show warnings after every statement.
nowarning (\w) Don't show warnings after every statement.

For server side help, type 'help contents'

MariaDB [(none)]> MariaDB [(none)]> db_name
    -> ;
ERROR 1064 (42000): You have an error in your SQL syntax; check the manual that corresponds to your MariaDB server version for the right syntax to use near 'db_name' at line 1
MariaDB [(none)]> db_name;
ERROR 1064 (42000): You have an error in your SQL syntax; check the manual that corresponds to your MariaDB server version for the right syntax to use near 'db_name' at line 1
MariaDB [(none)]> status
--------------
/Applications/XAMPP/xamppfiles/bin/mysql  Ver 15.1 Distrib 10.1.10-MariaDB, for osx10.6 (i386) using  EditLine wrapper

Connection id:		3
Current database:	
Current user:		ishiiaya@localhost
SSL:			Not in use
Current pager:		stdout
Using outfile:		''
Using delimiter:	;
Server:			MariaDB
Server version:		10.1.10-MariaDB Source distribution
Protocol version:	10
Connection:		Localhost via UNIX socket
Server characterset:	latin1
Db     characterset:	latin1
Client characterset:	utf8
Conn.  characterset:	utf8
UNIX socket:		/Applications/XAMPP/xamppfiles/var/mysql/mysql.sock
Uptime:			8 hours 42 min 3 sec

Threads: 1  Questions: 12  Slow queries: 0  Opens: 0  Flush tables: 1  Open tables: 11  Queries per second avg: 0.000
--------------

MariaDB [(none)]> show databases;
+--------------------+
| Database           |
+--------------------+
| information_schema |
| test               |
+--------------------+
2 rows in set (0.04 sec)

MariaDB [(none)]> test
    -> ;
ERROR 1064 (42000): You have an error in your SQL syntax; check the manual that corresponds to your MariaDB server version for the right syntax to use near 'test' at line 1
MariaDB [(none)]> connect test;
Connection id:    4
Current database: test

MariaDB [test]> show tables;
Empty set (0.01 sec)

MariaDB [test]> connect information_schema;
Connection id:    5
Current database: information_schema

MariaDB [information_schema]> show tables;
+---------------------------------------+
| Tables_in_information_schema          |
+---------------------------------------+
| ALL_PLUGINS                           |
| APPLICABLE_ROLES                      |
| CHARACTER_SETS                        |
| COLLATIONS                            |
| COLLATION_CHARACTER_SET_APPLICABILITY |
| COLUMNS                               |
| COLUMN_PRIVILEGES                     |
| ENABLED_ROLES                         |
| ENGINES                               |
| EVENTS                                |
| FILES                                 |
| GLOBAL_STATUS                         |
| GLOBAL_VARIABLES                      |
| KEY_CACHES                            |
| KEY_COLUMN_USAGE                      |
| PARAMETERS                            |
| PARTITIONS                            |
| PLUGINS                               |
| PROCESSLIST                           |
| PROFILING                             |
| REFERENTIAL_CONSTRAINTS               |
| ROUTINES                              |
| SCHEMATA                              |
| SCHEMA_PRIVILEGES                     |
| SESSION_STATUS                        |
| SESSION_VARIABLES                     |
| STATISTICS                            |
| SYSTEM_VARIABLES                      |
| TABLES                                |
| TABLESPACES                           |
| TABLE_CONSTRAINTS                     |
| TABLE_PRIVILEGES                      |
| TRIGGERS                              |
| USER_PRIVILEGES                       |
| VIEWS                                 |
| GEOMETRY_COLUMNS                      |
| SPATIAL_REF_SYS                       |
| CLIENT_STATISTICS                     |
| INDEX_STATISTICS                      |
| INNODB_SYS_DATAFILES                  |
| TABLE_STATISTICS                      |
| INNODB_SYS_TABLESTATS                 |
| USER_STATISTICS                       |
| INNODB_SYS_INDEXES                    |
| XTRADB_RSEG                           |
| INNODB_CMP_PER_INDEX                  |
| INNODB_TRX                            |
| CHANGED_PAGE_BITMAPS                  |
| INNODB_FT_BEING_DELETED               |
| INNODB_LOCK_WAITS                     |
| INNODB_LOCKS                          |
| INNODB_TABLESPACES_ENCRYPTION         |
| XTRADB_INTERNAL_HASH_TABLES           |
| INNODB_SYS_FIELDS                     |
| INNODB_CMPMEM_RESET                   |
| INNODB_CMP                            |
| INNODB_FT_INDEX_TABLE                 |
| INNODB_SYS_TABLESPACES                |
| INNODB_MUTEXES                        |
| INNODB_BUFFER_PAGE_LRU                |
| INNODB_SYS_FOREIGN_COLS               |
| INNODB_CMP_RESET                      |
| INNODB_BUFFER_POOL_STATS              |
| INNODB_FT_INDEX_CACHE                 |
| INNODB_SYS_FOREIGN                    |
| INNODB_METRICS                        |
| INNODB_FT_DEFAULT_STOPWORD            |
| INNODB_CMPMEM                         |
| INNODB_SYS_TABLES                     |
| INNODB_SYS_COLUMNS                    |
| INNODB_FT_CONFIG                      |
| INNODB_BUFFER_PAGE                    |
| INNODB_CMP_PER_INDEX_RESET            |
| XTRADB_READ_VIEW                      |
| INNODB_SYS_SEMAPHORE_WAITS            |
| INNODB_CHANGED_PAGES                  |
| INNODB_FT_DELETED                     |
| INNODB_TABLESPACES_SCRUBBING          |
+---------------------------------------+
78 rows in set (0.01 sec)

MariaDB [information_schema]> connect test;
Connection id:    6
Current database: test

MariaDB [test]> create table HOME_ACCOUNT (ID INT NOT NULL AUTO_INCREMENT,ISSUE_DATE DATE,ISSUE_TITLE VARCHAR(100),ISSUE_AMOUNT VARCHAR(10));
ERROR 1075 (42000): Incorrect table definition; there can be only one auto column and it must be defined as a key
MariaDB [test]> create table HOME_ACCOUNT (ID INT NOT NULL AUTO_INCREMENT PRIMARY KEY,ISSUE_DATE DATE,ISSUE_TITLE VARCHAR(100),ISSUE_AMOUNT VARCHAR(10));
Query OK, 0 rows affected (0.21 sec)

MariaDB [test]> show tables;
+----------------+
| Tables_in_test |
+----------------+
| HOME_ACCOUNT   |
+----------------+
1 row in set (0.00 sec)

MariaDB [test]> select * from HOME_ACCOUNT
    -> ;
Empty set (0.01 sec)

MariaDB [test]> select * from HOME_ACCOUNT;
Empty set (0.00 sec)

MariaDB [test]> desc fun
    -> ;
ERROR 1146 (42S02): Table 'test.fun' doesn't exist
MariaDB [test]> desc HOME_ACCOUNT;
+--------------+--------------+------+-----+---------+----------------+
| Field        | Type         | Null | Key | Default | Extra          |
+--------------+--------------+------+-----+---------+----------------+
| ID           | int(11)      | NO   | PRI | NULL    | auto_increment |
| ISSUE_DATE   | date         | YES  |     | NULL    |                |
| ISSUE_TITLE  | varchar(100) | YES  |     | NULL    |                |
| ISSUE_AMOUNT | varchar(10)  | YES  |     | NULL    |                |
+--------------+--------------+------+-----+---------+----------------+
4 rows in set (0.01 sec)

MariaDB [test]> 

2)The user infomation in MariaDB and the mysql.user table
Last login: Wed May  3 12:24:33 on ttys001
ishiiryou-no-MacBook-Air:~ ishiiaya$ cd /Applications/XAMPP/xamppfiles/bin;
ishiiryou-no-MacBook-Air:bin ishiiaya$ mysql -u root;
-bash: mysql: command not found
ishiiryou-no-MacBook-Air:bin ishiiaya$ mysqladmin -u root;
-bash: mysqladmin: command not found
ishiiryou-no-MacBook-Air:bin ishiiaya$ .mysql -u root;
-bash: .mysql: command not found
ishiiryou-no-MacBook-Air:bin ishiiaya$ ./mysql -u root;
Welcome to the MariaDB monitor.  Commands end with ; or \g.
Your MariaDB connection id is 8
Server version: 10.1.10-MariaDB Source distribution

Copyright (c) 2000, 2015, Oracle, MariaDB Corporation Ab and others.

Type 'help;' or '\h' for help. Type '\c' to clear the current input statement.

MariaDB [(none)]> exit
Bye
ishiiryou-no-MacBook-Air:bin ishiiaya$ ./mysql -u ishiiaya;
Welcome to the MariaDB monitor.  Commands end with ; or \g.
Your MariaDB connection id is 9
Server version: 10.1.10-MariaDB Source distribution

Copyright (c) 2000, 2015, Oracle, MariaDB Corporation Ab and others.

Type 'help;' or '\h' for help. Type '\c' to clear the current input statement.

MariaDB [(none)]> exit
Bye
ishiiryou-no-MacBook-Air:bin ishiiaya$ ./mysql -u root;
Welcome to the MariaDB monitor.  Commands end with ; or \g.
Your MariaDB connection id is 10
Server version: 10.1.10-MariaDB Source distribution

Copyright (c) 2000, 2015, Oracle, MariaDB Corporation Ab and others.

Type 'help;' or '\h' for help. Type '\c' to clear the current input statement.

MariaDB [(none)]> exit
Bye
ishiiryou-no-MacBook-Air:bin ishiiaya$ mysql -u root -p -h localhost test
-bash: mysql: command not found
ishiiryou-no-MacBook-Air:bin ishiiaya$ ./mysql -u root -p -h localhost test
Enter password: 
ERROR 1045 (28000): Access denied for user 'root'@'localhost' (using password: YES)
ishiiryou-no-MacBook-Air:bin ishiiaya$ ./mysql -u ishiiaya -p -h localhost test
Enter password: 
ERROR 1045 (28000): Access denied for user 'ishiiaya'@'localhost' (using password: YES)
ishiiryou-no-MacBook-Air:bin ishiiaya$ ./mysql -u root -p -h localhost test
Enter password: 
ERROR 1045 (28000): Access denied for user 'root'@'localhost' (using password: YES)
///////////////////////////////important////////////////////////////////////////////////
ishiiryou-no-MacBook-Air:bin ishiiaya$ ./mysql -u root -p -h localhost test
///////////////////////////////important////////////////////////////////////////////////
Enter password: 
Welcome to the MariaDB monitor.  Commands end with ; or \g.
Your MariaDB connection id is 14
Server version: 10.1.10-MariaDB Source distribution

Copyright (c) 2000, 2015, Oracle, MariaDB Corporation Ab and others.

Type 'help;' or '\h' for help. Type '\c' to clear the current input statement.

MariaDB [test]> select * from mysql.user
    -> ;
+-----------+------+----------+-------------+-------------+-------------+-------------+-------------+-----------+-------------+---------------+--------------+-----------+------------+-----------------+------------+------------+--------------+------------+-----------------------+------------------+--------------+-----------------+------------------+------------------+----------------+---------------------+--------------------+------------------+------------+--------------+------------------------+----------+------------+-------------+--------------+---------------+-------------+-----------------+----------------------+--------+-----------------------+------------------+---------+--------------+--------------------+
| Host      | User | Password | Select_priv | Insert_priv | Update_priv | Delete_priv | Create_priv | Drop_priv | Reload_priv | Shutdown_priv | Process_priv | File_priv | Grant_priv | References_priv | Index_priv | Alter_priv | Show_db_priv | Super_priv | Create_tmp_table_priv | Lock_tables_priv | Execute_priv | Repl_slave_priv | Repl_client_priv | Create_view_priv | Show_view_priv | Create_routine_priv | Alter_routine_priv | Create_user_priv | Event_priv | Trigger_priv | Create_tablespace_priv | ssl_type | ssl_cipher | x509_issuer | x509_subject | max_questions | max_updates | max_connections | max_user_connections | plugin | authentication_string | password_expired | is_role | default_role | max_statement_time |
+-----------+------+----------+-------------+-------------+-------------+-------------+-------------+-----------+-------------+---------------+--------------+-----------+------------+-----------------+------------+------------+--------------+------------+-----------------------+------------------+--------------+-----------------+------------------+------------------+----------------+---------------------+--------------------+------------------+------------+--------------+------------------------+----------+------------+-------------+--------------+---------------+-------------+-----------------+----------------------+--------+-----------------------+------------------+---------+--------------+--------------------+
| localhost | root |          | Y           | Y           | Y           | Y           | Y           | Y         | Y           | Y             | Y            | Y         | Y          | Y               | Y          | Y          | Y            | Y          | Y                     | Y                | Y            | Y               | Y                | Y                | Y              | Y                   | Y                  | Y                | Y          | Y            | Y                      |          |            |             |              |             0 |           0 |               0 |                    0 |        |                       | N                | N       |              |           0.000000 |
| 127.0.0.1 | root |          | Y           | Y           | Y           | Y           | Y           | Y         | Y           | Y             | Y            | Y         | Y          | Y               | Y          | Y          | Y            | Y          | Y                     | Y                | Y            | Y               | Y                | Y                | Y              | Y                   | Y                  | Y                | Y          | Y            | Y                      |          |            |             |              |             0 |           0 |               0 |                    0 |        |                       | N                | N       |              |           0.000000 |
| ::1       | root |          | Y           | Y           | Y           | Y           | Y           | Y         | Y           | Y             | Y            | Y         | Y          | Y               | Y          | Y          | Y            | Y          | Y                     | Y                | Y            | Y               | Y                | Y                | Y              | Y                   | Y                  | Y                | Y          | Y            | Y                      |          |            |             |              |             0 |           0 |               0 |                    0 |        |                       | N                | N       |              |           0.000000 |
| localhost |      |          | N           | N           | N           | N           | N           | N         | N           | N             | N            | N         | N          | N               | N          | N          | N            | N          | N                     | N                | N            | N               | N                | N                | N              | N                   | N                  | N                | N          | N            | N                      |          |            |             |              |             0 |           0 |               0 |                    0 |        |                       | N                | N       |              |           0.000000 |
| localhost | pma  |          | N           | N           | N           | N           | N           | N         | N           | N             | N            | N         | N          | N               | N          | N          | N            | N          | N                     | N                | N            | N               | N                | N                | N              | N                   | N                  | N                | N          | N            | N                      |          |            |             |              |             0 |           0 |               0 |                    0 |        |                       | N                | N       |              |           0.000000 |
+-----------+------+----------+-------------+-------------+-------------+-------------+-------------+-----------+-------------+---------------+--------------+-----------+------------+-----------------+------------+------------+--------------+------------+-----------------------+------------------+--------------+-----------------+------------------+------------------+----------------+---------------------+--------------------+------------------+------------+--------------+------------------------+----------+------------+-------------+--------------+---------------+-------------+-----------------+----------------------+--------+-----------------------+------------------+---------+--------------+--------------------+
5 rows in set (0.01 sec)

MariaDB [test]> MariaDB [test]> 
